{"foo":1234,"foo1":"abcdefghijklmnopqrstuvwxyz","foo2":"abcdefghijklmnopqrstuvwxyz","foo3":"abcdefghijklmnopqrstuvwxyz","foo4":"abcdefghijklmnopqrstuvwxyz","foo5":"abcdefghijklmnopqrstuvwxyz","foo6":"abcdefghijklmnopqrstuvwxyz","foo7":"abcdefghijklmnopqrstuvwxyz","foo8":"abcdefghijklmnopqrstuvwxyz","foo9":"abcdefghijklmnopqrstuvwxyz"}